// Jest Snapshot v1, https://goo.gl/fbAQLP

exports[`read tokens should read tokens from a single file 1`] = `
{
  "coreTokensPath": "/Users/sasikanth/Projects/weaver/src/temp_tokens/core.json",
  "themeTokensPaths": [
    "/Users/sasikanth/Projects/weaver/src/temp_tokens/theme/default.json",
    "/Users/sasikanth/Projects/weaver/src/temp_tokens/theme/dark.json",
  ],
}
`;

exports[`read tokens should read tokens from multiple files 1`] = `
{
  "coreTokensPath": "/Users/sasikanth/Projects/weaver/src/temp_tokens/core.json",
  "themeTokensPaths": [
    "/Users/sasikanth/Projects/weaver/src/temp_tokens/theme/default.json",
    "/Users/sasikanth/Projects/weaver/src/temp_tokens/theme/dark.json",
  ],
}
`;
